
state 0
	$accept: .flow $end 

	RUN  shift 5
	FLOW  shift 6
	DEFINE  shift 4
	.  error

	flow  goto 1
	stmt  goto 3
	stmt_list  goto 2

state 1
	$accept:  flow.$end 

	$end  accept
	.  error


state 2
	flow:  stmt_list.    (1)
	stmt_list:  stmt_list.stmt ';' 

	RUN  shift 5
	FLOW  shift 6
	DEFINE  shift 4
	.  reduce 1 (src line 123)

	stmt  goto 7

state 3
	stmt_list:  stmt.';' 

	';'  shift 8
	.  error


state 4
	stmt:  DEFINE.yy_SET name AS set 
	stmt:  DEFINE.TUPLE name AS set 
	stmt:  DEFINE.COMMAND name AS set 
	stmt:  DEFINE.COMMAND name '.' name 
	stmt:  DEFINE.COMMAND name '.' TUPLE_REF AS set 

	yy_SET  shift 9
	COMMAND  shift 11
	TUPLE  shift 10
	.  error


state 5
	stmt:  RUN.name 
	stmt:  RUN.COMMAND_REF '(' arg_list ')' qualification 

	COMMAND_REF  shift 13
	TUPLE_REF  shift 15
	NAME  shift 14
	.  error

	name  goto 12

state 6
	stmt:  FLOW.name 
	stmt:  FLOW.COMMAND_REF '(' ')' 

	COMMAND_REF  shift 17
	TUPLE_REF  shift 15
	NAME  shift 14
	.  error

	name  goto 16

state 7
	stmt_list:  stmt_list stmt.';' 

	';'  shift 18
	.  error


state 8
	stmt_list:  stmt ';'.    (61)

	.  reduce 61 (src line 674)


state 9
	stmt:  DEFINE yy_SET.name AS set 

	COMMAND_REF  shift 20
	TUPLE_REF  shift 15
	NAME  shift 14
	.  error

	name  goto 19

state 10
	stmt:  DEFINE TUPLE.name AS set 

	COMMAND_REF  shift 20
	TUPLE_REF  shift 15
	NAME  shift 14
	.  error

	name  goto 21

state 11
	stmt:  DEFINE COMMAND.name AS set 
	stmt:  DEFINE COMMAND.name '.' name 
	stmt:  DEFINE COMMAND.name '.' TUPLE_REF AS set 

	COMMAND_REF  shift 20
	TUPLE_REF  shift 15
	NAME  shift 14
	.  error

	name  goto 22

state 12
	stmt:  RUN name.    (57)

	.  reduce 57 (src line 634)


state 13
	name:  COMMAND_REF.    (37)
	stmt:  RUN COMMAND_REF.'(' arg_list ')' qualification 

	'('  shift 23
	.  reduce 37 (src line 448)


state 14
	name:  NAME.    (36)

	.  reduce 36 (src line 440)


state 15
	name:  TUPLE_REF.    (38)

	.  reduce 38 (src line 454)


state 16
	stmt:  FLOW name.    (58)

	.  reduce 58 (src line 643)


state 17
	name:  COMMAND_REF.    (37)
	stmt:  FLOW COMMAND_REF.'(' ')' 

	'('  shift 24
	.  reduce 37 (src line 448)


state 18
	stmt_list:  stmt_list stmt ';'.    (62)

	.  reduce 62 (src line 679)


state 19
	stmt:  DEFINE yy_SET name.AS set 

	AS  shift 25
	.  error


state 20
	name:  COMMAND_REF.    (37)

	.  reduce 37 (src line 448)


state 21
	stmt:  DEFINE TUPLE name.AS set 

	AS  shift 26
	.  error


state 22
	stmt:  DEFINE COMMAND name.AS set 
	stmt:  DEFINE COMMAND name.'.' name 
	stmt:  DEFINE COMMAND name.'.' TUPLE_REF AS set 

	AS  shift 27
	'.'  shift 28
	.  error


state 23
	stmt:  RUN COMMAND_REF '('.arg_list ')' qualification 
	arg_list: .    (63)

	COMMAND_REF  shift 32
	FLOW_REF  shift 33
	EXPAND_ENV  shift 41
	UINT64  shift 36
	STRING  shift 40
	yy_TRUE  shift 38
	yy_FALSE  shift 39
	NOT  shift 34
	'('  shift 35
	.  reduce 63 (src line 686)

	string  goto 37
	arg_list  goto 29
	constant  goto 31
	expr  goto 30

state 24
	stmt:  FLOW COMMAND_REF '('.')' 

	')'  shift 42
	.  error


state 25
	stmt:  DEFINE yy_SET name AS.set 

	'{'  shift 44
	.  error

	set  goto 43

state 26
	stmt:  DEFINE TUPLE name AS.set 

	'{'  shift 44
	.  error

	set  goto 45

state 27
	stmt:  DEFINE COMMAND name AS.set 

	'{'  shift 44
	.  error

	set  goto 46

state 28
	stmt:  DEFINE COMMAND name '.'.name 
	stmt:  DEFINE COMMAND name '.'.TUPLE_REF AS set 

	COMMAND_REF  shift 20
	TUPLE_REF  shift 48
	NAME  shift 14
	.  error

	name  goto 47

state 29
	stmt:  RUN COMMAND_REF '(' arg_list.')' qualification 
	arg_list:  arg_list.',' expr 

	')'  shift 49
	','  shift 50
	.  error


state 30
	expr:  expr.CAST yy_STRING 
	expr:  expr.yy_AND expr 
	expr:  expr.yy_OR expr 
	expr:  expr.LT expr 
	expr:  expr.LTE expr 
	expr:  expr.EQ expr 
	expr:  expr.NEQ expr 
	expr:  expr.GTE expr 
	expr:  expr.GT expr 
	expr:  expr.MATCH expr 
	expr:  expr.NOMATCH expr 
	expr:  expr.CONCAT expr 
	expr:  expr.MOD expr 
	expr:  expr.yy_IS yy_NULL 
	expr:  expr.yy_IS NOT yy_NULL 
	expr:  expr.'?' expr ':' expr 
	arg_list:  expr.    (64)

	yy_AND  shift 52
	yy_OR  shift 53
	CAST  shift 51
	EQ  shift 56
	NEQ  shift 57
	GT  shift 59
	GTE  shift 58
	LT  shift 54
	LTE  shift 55
	MATCH  shift 60
	NOMATCH  shift 61
	CONCAT  shift 62
	MOD  shift 63
	yy_IS  shift 64
	'?'  shift 65
	.  reduce 64 (src line 691)


state 31
	expr:  constant.    (8)

	.  reduce 8 (src line 172)


state 32
	expr:  COMMAND_REF.'$' $$10 name 
	expr:  COMMAND_REF.'.' $$12 name 

	'$'  shift 66
	'.'  shift 67
	.  error


state 33
	expr:  FLOW_REF.'[' expr ']' 
	expr:  FLOW_REF.'$' $$15 name 

	'$'  shift 69
	'['  shift 68
	.  error


state 34
	expr:  NOT.expr 

	COMMAND_REF  shift 32
	FLOW_REF  shift 33
	EXPAND_ENV  shift 41
	UINT64  shift 36
	STRING  shift 40
	yy_TRUE  shift 38
	yy_FALSE  shift 39
	NOT  shift 34
	'('  shift 35
	.  error

	string  goto 37
	constant  goto 31
	expr  goto 70

state 35
	expr:  '('.expr ')' 

	COMMAND_REF  shift 32
	FLOW_REF  shift 33
	EXPAND_ENV  shift 41
	UINT64  shift 36
	STRING  shift 40
	yy_TRUE  shift 38
	yy_FALSE  shift 39
	NOT  shift 34
	'('  shift 35
	.  error

	string  goto 37
	constant  goto 31
	expr  goto 71

state 36
	constant:  UINT64.    (4)

	.  reduce 4 (src line 146)


state 37
	constant:  string.    (5)

	.  reduce 5 (src line 152)


state 38
	constant:  yy_TRUE.    (6)

	.  reduce 6 (src line 154)


state 39
	constant:  yy_FALSE.    (7)

	.  reduce 7 (src line 162)


state 40
	string:  STRING.    (2)

	.  reduce 2 (src line 132)


state 41
	string:  EXPAND_ENV.string 

	EXPAND_ENV  shift 41
	STRING  shift 40
	.  error

	string  goto 72

state 42
	stmt:  FLOW COMMAND_REF '(' ')'.    (60)

	.  reduce 60 (src line 662)


state 43
	stmt:  DEFINE yy_SET name AS set.    (52)

	.  reduce 52 (src line 551)


state 44
	set:  '{'.$$50 element_list '}' 
	$$50: .    (50)

	.  reduce 50 (src line 538)

	$$50  goto 73

state 45
	stmt:  DEFINE TUPLE name AS set.    (53)

	.  reduce 53 (src line 560)


state 46
	stmt:  DEFINE COMMAND name AS set.    (54)

	.  reduce 54 (src line 582)


state 47
	stmt:  DEFINE COMMAND name '.' name.    (55)

	.  reduce 55 (src line 605)


state 48
	name:  TUPLE_REF.    (38)
	stmt:  DEFINE COMMAND name '.' TUPLE_REF.AS set 

	AS  shift 74
	.  reduce 38 (src line 454)


state 49
	stmt:  RUN COMMAND_REF '(' arg_list ')'.qualification 
	qualification: .    (34)

	WHEN  shift 76
	.  reduce 34 (src line 421)

	qualification  goto 75

state 50
	arg_list:  arg_list ','.expr 

	COMMAND_REF  shift 32
	FLOW_REF  shift 33
	EXPAND_ENV  shift 41
	UINT64  shift 36
	STRING  shift 40
	yy_TRUE  shift 38
	yy_FALSE  shift 39
	NOT  shift 34
	'('  shift 35
	.  error

	string  goto 37
	constant  goto 31
	expr  goto 77

state 51
	expr:  expr CAST.yy_STRING 

	yy_STRING  shift 78
	.  error


state 52
	expr:  expr yy_AND.expr 

	COMMAND_REF  shift 32
	FLOW_REF  shift 33
	EXPAND_ENV  shift 41
	UINT64  shift 36
	STRING  shift 40
	yy_TRUE  shift 38
	yy_FALSE  shift 39
	NOT  shift 34
	'('  shift 35
	.  error

	string  goto 37
	constant  goto 31
	expr  goto 79

state 53
	expr:  expr yy_OR.expr 

	COMMAND_REF  shift 32
	FLOW_REF  shift 33
	EXPAND_ENV  shift 41
	UINT64  shift 36
	STRING  shift 40
	yy_TRUE  shift 38
	yy_FALSE  shift 39
	NOT  shift 34
	'('  shift 35
	.  error

	string  goto 37
	constant  goto 31
	expr  goto 80

state 54
	expr:  expr LT.expr 

	COMMAND_REF  shift 32
	FLOW_REF  shift 33
	EXPAND_ENV  shift 41
	UINT64  shift 36
	STRING  shift 40
	yy_TRUE  shift 38
	yy_FALSE  shift 39
	NOT  shift 34
	'('  shift 35
	.  error

	string  goto 37
	constant  goto 31
	expr  goto 81

state 55
	expr:  expr LTE.expr 

	COMMAND_REF  shift 32
	FLOW_REF  shift 33
	EXPAND_ENV  shift 41
	UINT64  shift 36
	STRING  shift 40
	yy_TRUE  shift 38
	yy_FALSE  shift 39
	NOT  shift 34
	'('  shift 35
	.  error

	string  goto 37
	constant  goto 31
	expr  goto 82

state 56
	expr:  expr EQ.expr 

	COMMAND_REF  shift 32
	FLOW_REF  shift 33
	EXPAND_ENV  shift 41
	UINT64  shift 36
	STRING  shift 40
	yy_TRUE  shift 38
	yy_FALSE  shift 39
	NOT  shift 34
	'('  shift 35
	.  error

	string  goto 37
	constant  goto 31
	expr  goto 83

state 57
	expr:  expr NEQ.expr 

	COMMAND_REF  shift 32
	FLOW_REF  shift 33
	EXPAND_ENV  shift 41
	UINT64  shift 36
	STRING  shift 40
	yy_TRUE  shift 38
	yy_FALSE  shift 39
	NOT  shift 34
	'('  shift 35
	.  error

	string  goto 37
	constant  goto 31
	expr  goto 84

state 58
	expr:  expr GTE.expr 

	COMMAND_REF  shift 32
	FLOW_REF  shift 33
	EXPAND_ENV  shift 41
	UINT64  shift 36
	STRING  shift 40
	yy_TRUE  shift 38
	yy_FALSE  shift 39
	NOT  shift 34
	'('  shift 35
	.  error

	string  goto 37
	constant  goto 31
	expr  goto 85

state 59
	expr:  expr GT.expr 

	COMMAND_REF  shift 32
	FLOW_REF  shift 33
	EXPAND_ENV  shift 41
	UINT64  shift 36
	STRING  shift 40
	yy_TRUE  shift 38
	yy_FALSE  shift 39
	NOT  shift 34
	'('  shift 35
	.  error

	string  goto 37
	constant  goto 31
	expr  goto 86

state 60
	expr:  expr MATCH.expr 

	COMMAND_REF  shift 32
	FLOW_REF  shift 33
	EXPAND_ENV  shift 41
	UINT64  shift 36
	STRING  shift 40
	yy_TRUE  shift 38
	yy_FALSE  shift 39
	NOT  shift 34
	'('  shift 35
	.  error

	string  goto 37
	constant  goto 31
	expr  goto 87

state 61
	expr:  expr NOMATCH.expr 

	COMMAND_REF  shift 32
	FLOW_REF  shift 33
	EXPAND_ENV  shift 41
	UINT64  shift 36
	STRING  shift 40
	yy_TRUE  shift 38
	yy_FALSE  shift 39
	NOT  shift 34
	'('  shift 35
	.  error

	string  goto 37
	constant  goto 31
	expr  goto 88

state 62
	expr:  expr CONCAT.expr 

	COMMAND_REF  shift 32
	FLOW_REF  shift 33
	EXPAND_ENV  shift 41
	UINT64  shift 36
	STRING  shift 40
	yy_TRUE  shift 38
	yy_FALSE  shift 39
	NOT  shift 34
	'('  shift 35
	.  error

	string  goto 37
	constant  goto 31
	expr  goto 89

state 63
	expr:  expr MOD.expr 

	COMMAND_REF  shift 32
	FLOW_REF  shift 33
	EXPAND_ENV  shift 41
	UINT64  shift 36
	STRING  shift 40
	yy_TRUE  shift 38
	yy_FALSE  shift 39
	NOT  shift 34
	'('  shift 35
	.  error

	string  goto 37
	constant  goto 31
	expr  goto 90

state 64
	expr:  expr yy_IS.yy_NULL 
	expr:  expr yy_IS.NOT yy_NULL 

	NOT  shift 92
	yy_NULL  shift 91
	.  error


state 65
	expr:  expr '?'.expr ':' expr 

	COMMAND_REF  shift 32
	FLOW_REF  shift 33
	EXPAND_ENV  shift 41
	UINT64  shift 36
	STRING  shift 40
	yy_TRUE  shift 38
	yy_FALSE  shift 39
	NOT  shift 34
	'('  shift 35
	.  error

	string  goto 37
	constant  goto 31
	expr  goto 93

state 66
	expr:  COMMAND_REF '$'.$$10 name 
	$$10: .    (10)

	.  reduce 10 (src line 183)

	$$10  goto 94

state 67
	expr:  COMMAND_REF '.'.$$12 name 
	$$12: .    (12)

	.  reduce 12 (src line 202)

	$$12  goto 95

state 68
	expr:  FLOW_REF '['.expr ']' 

	COMMAND_REF  shift 32
	FLOW_REF  shift 33
	EXPAND_ENV  shift 41
	UINT64  shift 36
	STRING  shift 40
	yy_TRUE  shift 38
	yy_FALSE  shift 39
	NOT  shift 34
	'('  shift 35
	.  error

	string  goto 37
	constant  goto 31
	expr  goto 96

state 69
	expr:  FLOW_REF '$'.$$15 name 
	$$15: .    (15)

	.  reduce 15 (src line 246)

	$$15  goto 97

state 70
	expr:  expr.CAST yy_STRING 
	expr:  expr.yy_AND expr 
	expr:  expr.yy_OR expr 
	expr:  expr.LT expr 
	expr:  expr.LTE expr 
	expr:  expr.EQ expr 
	expr:  expr.NEQ expr 
	expr:  expr.GTE expr 
	expr:  expr.GT expr 
	expr:  expr.MATCH expr 
	expr:  expr.NOMATCH expr 
	expr:  expr.CONCAT expr 
	expr:  expr.MOD expr 
	expr:  NOT expr.    (29)
	expr:  expr.yy_IS yy_NULL 
	expr:  expr.yy_IS NOT yy_NULL 
	expr:  expr.'?' expr ':' expr 

	CAST  shift 51
	yy_IS  shift 64
	.  reduce 29 (src line 358)


state 71
	expr:  expr.CAST yy_STRING 
	expr:  expr.yy_AND expr 
	expr:  expr.yy_OR expr 
	expr:  expr.LT expr 
	expr:  expr.LTE expr 
	expr:  expr.EQ expr 
	expr:  expr.NEQ expr 
	expr:  expr.GTE expr 
	expr:  expr.GT expr 
	expr:  expr.MATCH expr 
	expr:  expr.NOMATCH expr 
	expr:  expr.CONCAT expr 
	expr:  expr.MOD expr 
	expr:  expr.yy_IS yy_NULL 
	expr:  expr.yy_IS NOT yy_NULL 
	expr:  '(' expr.')' 
	expr:  expr.'?' expr ':' expr 

	yy_AND  shift 52
	yy_OR  shift 53
	CAST  shift 51
	EQ  shift 56
	NEQ  shift 57
	GT  shift 59
	GTE  shift 58
	LT  shift 54
	LTE  shift 55
	MATCH  shift 60
	NOMATCH  shift 61
	CONCAT  shift 62
	MOD  shift 63
	yy_IS  shift 64
	'?'  shift 65
	')'  shift 98
	.  error


state 72
	string:  EXPAND_ENV string.    (3)

	.  reduce 3 (src line 138)


state 73
	set:  '{' $$50.element_list '}' 

	COMMAND_REF  shift 20
	TUPLE_REF  shift 15
	NAME  shift 14
	.  error

	name  goto 101
	element  goto 100
	element_list  goto 99

state 74
	stmt:  DEFINE COMMAND name '.' TUPLE_REF AS.set 

	'{'  shift 44
	.  error

	set  goto 102

state 75
	stmt:  RUN COMMAND_REF '(' arg_list ')' qualification.    (59)

	.  reduce 59 (src line 652)


state 76
	qualification:  WHEN.expr 

	COMMAND_REF  shift 32
	FLOW_REF  shift 33
	EXPAND_ENV  shift 41
	UINT64  shift 36
	STRING  shift 40
	yy_TRUE  shift 38
	yy_FALSE  shift 39
	NOT  shift 34
	'('  shift 35
	.  error

	string  goto 37
	constant  goto 31
	expr  goto 103

state 77
	expr:  expr.CAST yy_STRING 
	expr:  expr.yy_AND expr 
	expr:  expr.yy_OR expr 
	expr:  expr.LT expr 
	expr:  expr.LTE expr 
	expr:  expr.EQ expr 
	expr:  expr.NEQ expr 
	expr:  expr.GTE expr 
	expr:  expr.GT expr 
	expr:  expr.MATCH expr 
	expr:  expr.NOMATCH expr 
	expr:  expr.CONCAT expr 
	expr:  expr.MOD expr 
	expr:  expr.yy_IS yy_NULL 
	expr:  expr.yy_IS NOT yy_NULL 
	expr:  expr.'?' expr ':' expr 
	arg_list:  arg_list ',' expr.    (65)

	yy_AND  shift 52
	yy_OR  shift 53
	CAST  shift 51
	EQ  shift 56
	NEQ  shift 57
	GT  shift 59
	GTE  shift 58
	LT  shift 54
	LTE  shift 55
	MATCH  shift 60
	NOMATCH  shift 61
	CONCAT  shift 62
	MOD  shift 63
	yy_IS  shift 64
	'?'  shift 65
	.  reduce 65 (src line 696)


state 78
	expr:  expr CAST yy_STRING.    (9)

	.  reduce 9 (src line 174)


state 79
	expr:  expr.CAST yy_STRING 
	expr:  expr.yy_AND expr 
	expr:  expr yy_AND expr.    (17)
	expr:  expr.yy_OR expr 
	expr:  expr.LT expr 
	expr:  expr.LTE expr 
	expr:  expr.EQ expr 
	expr:  expr.NEQ expr 
	expr:  expr.GTE expr 
	expr:  expr.GT expr 
	expr:  expr.MATCH expr 
	expr:  expr.NOMATCH expr 
	expr:  expr.CONCAT expr 
	expr:  expr.MOD expr 
	expr:  expr.yy_IS yy_NULL 
	expr:  expr.yy_IS NOT yy_NULL 
	expr:  expr.'?' expr ':' expr 

	CAST  shift 51
	EQ  shift 56
	NEQ  shift 57
	GT  shift 59
	GTE  shift 58
	LT  shift 54
	LTE  shift 55
	MATCH  shift 60
	NOMATCH  shift 61
	CONCAT  shift 62
	MOD  shift 63
	yy_IS  shift 64
	.  reduce 17 (src line 260)


state 80
	expr:  expr.CAST yy_STRING 
	expr:  expr.yy_AND expr 
	expr:  expr.yy_OR expr 
	expr:  expr yy_OR expr.    (18)
	expr:  expr.LT expr 
	expr:  expr.LTE expr 
	expr:  expr.EQ expr 
	expr:  expr.NEQ expr 
	expr:  expr.GTE expr 
	expr:  expr.GT expr 
	expr:  expr.MATCH expr 
	expr:  expr.NOMATCH expr 
	expr:  expr.CONCAT expr 
	expr:  expr.MOD expr 
	expr:  expr.yy_IS yy_NULL 
	expr:  expr.yy_IS NOT yy_NULL 
	expr:  expr.'?' expr ':' expr 

	CAST  shift 51
	EQ  shift 56
	NEQ  shift 57
	GT  shift 59
	GTE  shift 58
	LT  shift 54
	LTE  shift 55
	MATCH  shift 60
	NOMATCH  shift 61
	CONCAT  shift 62
	MOD  shift 63
	yy_IS  shift 64
	.  reduce 18 (src line 268)


state 81
	expr:  expr.CAST yy_STRING 
	expr:  expr.yy_AND expr 
	expr:  expr.yy_OR expr 
	expr:  expr.LT expr 
	expr:  expr LT expr.    (19)
	expr:  expr.LTE expr 
	expr:  expr.EQ expr 
	expr:  expr.NEQ expr 
	expr:  expr.GTE expr 
	expr:  expr.GT expr 
	expr:  expr.MATCH expr 
	expr:  expr.NOMATCH expr 
	expr:  expr.CONCAT expr 
	expr:  expr.MOD expr 
	expr:  expr.yy_IS yy_NULL 
	expr:  expr.yy_IS NOT yy_NULL 
	expr:  expr.'?' expr ':' expr 

	CAST  shift 51
	CONCAT  shift 62
	MOD  shift 63
	yy_IS  shift 64
	.  reduce 19 (src line 276)


state 82
	expr:  expr.CAST yy_STRING 
	expr:  expr.yy_AND expr 
	expr:  expr.yy_OR expr 
	expr:  expr.LT expr 
	expr:  expr.LTE expr 
	expr:  expr LTE expr.    (20)
	expr:  expr.EQ expr 
	expr:  expr.NEQ expr 
	expr:  expr.GTE expr 
	expr:  expr.GT expr 
	expr:  expr.MATCH expr 
	expr:  expr.NOMATCH expr 
	expr:  expr.CONCAT expr 
	expr:  expr.MOD expr 
	expr:  expr.yy_IS yy_NULL 
	expr:  expr.yy_IS NOT yy_NULL 
	expr:  expr.'?' expr ':' expr 

	CAST  shift 51
	CONCAT  shift 62
	MOD  shift 63
	yy_IS  shift 64
	.  reduce 20 (src line 284)


state 83
	expr:  expr.CAST yy_STRING 
	expr:  expr.yy_AND expr 
	expr:  expr.yy_OR expr 
	expr:  expr.LT expr 
	expr:  expr.LTE expr 
	expr:  expr.EQ expr 
	expr:  expr EQ expr.    (21)
	expr:  expr.NEQ expr 
	expr:  expr.GTE expr 
	expr:  expr.GT expr 
	expr:  expr.MATCH expr 
	expr:  expr.NOMATCH expr 
	expr:  expr.CONCAT expr 
	expr:  expr.MOD expr 
	expr:  expr.yy_IS yy_NULL 
	expr:  expr.yy_IS NOT yy_NULL 
	expr:  expr.'?' expr ':' expr 

	CAST  shift 51
	CONCAT  shift 62
	MOD  shift 63
	yy_IS  shift 64
	.  reduce 21 (src line 292)


state 84
	expr:  expr.CAST yy_STRING 
	expr:  expr.yy_AND expr 
	expr:  expr.yy_OR expr 
	expr:  expr.LT expr 
	expr:  expr.LTE expr 
	expr:  expr.EQ expr 
	expr:  expr.NEQ expr 
	expr:  expr NEQ expr.    (22)
	expr:  expr.GTE expr 
	expr:  expr.GT expr 
	expr:  expr.MATCH expr 
	expr:  expr.NOMATCH expr 
	expr:  expr.CONCAT expr 
	expr:  expr.MOD expr 
	expr:  expr.yy_IS yy_NULL 
	expr:  expr.yy_IS NOT yy_NULL 
	expr:  expr.'?' expr ':' expr 

	CAST  shift 51
	CONCAT  shift 62
	MOD  shift 63
	yy_IS  shift 64
	.  reduce 22 (src line 300)


state 85
	expr:  expr.CAST yy_STRING 
	expr:  expr.yy_AND expr 
	expr:  expr.yy_OR expr 
	expr:  expr.LT expr 
	expr:  expr.LTE expr 
	expr:  expr.EQ expr 
	expr:  expr.NEQ expr 
	expr:  expr.GTE expr 
	expr:  expr GTE expr.    (23)
	expr:  expr.GT expr 
	expr:  expr.MATCH expr 
	expr:  expr.NOMATCH expr 
	expr:  expr.CONCAT expr 
	expr:  expr.MOD expr 
	expr:  expr.yy_IS yy_NULL 
	expr:  expr.yy_IS NOT yy_NULL 
	expr:  expr.'?' expr ':' expr 

	CAST  shift 51
	CONCAT  shift 62
	MOD  shift 63
	yy_IS  shift 64
	.  reduce 23 (src line 308)


state 86
	expr:  expr.CAST yy_STRING 
	expr:  expr.yy_AND expr 
	expr:  expr.yy_OR expr 
	expr:  expr.LT expr 
	expr:  expr.LTE expr 
	expr:  expr.EQ expr 
	expr:  expr.NEQ expr 
	expr:  expr.GTE expr 
	expr:  expr.GT expr 
	expr:  expr GT expr.    (24)
	expr:  expr.MATCH expr 
	expr:  expr.NOMATCH expr 
	expr:  expr.CONCAT expr 
	expr:  expr.MOD expr 
	expr:  expr.yy_IS yy_NULL 
	expr:  expr.yy_IS NOT yy_NULL 
	expr:  expr.'?' expr ':' expr 

	CAST  shift 51
	CONCAT  shift 62
	MOD  shift 63
	yy_IS  shift 64
	.  reduce 24 (src line 316)


state 87
	expr:  expr.CAST yy_STRING 
	expr:  expr.yy_AND expr 
	expr:  expr.yy_OR expr 
	expr:  expr.LT expr 
	expr:  expr.LTE expr 
	expr:  expr.EQ expr 
	expr:  expr.NEQ expr 
	expr:  expr.GTE expr 
	expr:  expr.GT expr 
	expr:  expr.MATCH expr 
	expr:  expr MATCH expr.    (25)
	expr:  expr.NOMATCH expr 
	expr:  expr.CONCAT expr 
	expr:  expr.MOD expr 
	expr:  expr.yy_IS yy_NULL 
	expr:  expr.yy_IS NOT yy_NULL 
	expr:  expr.'?' expr ':' expr 

	CAST  shift 51
	CONCAT  shift 62
	MOD  shift 63
	yy_IS  shift 64
	.  reduce 25 (src line 324)


state 88
	expr:  expr.CAST yy_STRING 
	expr:  expr.yy_AND expr 
	expr:  expr.yy_OR expr 
	expr:  expr.LT expr 
	expr:  expr.LTE expr 
	expr:  expr.EQ expr 
	expr:  expr.NEQ expr 
	expr:  expr.GTE expr 
	expr:  expr.GT expr 
	expr:  expr.MATCH expr 
	expr:  expr.NOMATCH expr 
	expr:  expr NOMATCH expr.    (26)
	expr:  expr.CONCAT expr 
	expr:  expr.MOD expr 
	expr:  expr.yy_IS yy_NULL 
	expr:  expr.yy_IS NOT yy_NULL 
	expr:  expr.'?' expr ':' expr 

	CAST  shift 51
	CONCAT  shift 62
	MOD  shift 63
	yy_IS  shift 64
	.  reduce 26 (src line 333)


state 89
	expr:  expr.CAST yy_STRING 
	expr:  expr.yy_AND expr 
	expr:  expr.yy_OR expr 
	expr:  expr.LT expr 
	expr:  expr.LTE expr 
	expr:  expr.EQ expr 
	expr:  expr.NEQ expr 
	expr:  expr.GTE expr 
	expr:  expr.GT expr 
	expr:  expr.MATCH expr 
	expr:  expr.NOMATCH expr 
	expr:  expr.CONCAT expr 
	expr:  expr CONCAT expr.    (27)
	expr:  expr.MOD expr 
	expr:  expr.yy_IS yy_NULL 
	expr:  expr.yy_IS NOT yy_NULL 
	expr:  expr.'?' expr ':' expr 

	CAST  shift 51
	yy_IS  shift 64
	.  reduce 27 (src line 342)


state 90
	expr:  expr.CAST yy_STRING 
	expr:  expr.yy_AND expr 
	expr:  expr.yy_OR expr 
	expr:  expr.LT expr 
	expr:  expr.LTE expr 
	expr:  expr.EQ expr 
	expr:  expr.NEQ expr 
	expr:  expr.GTE expr 
	expr:  expr.GT expr 
	expr:  expr.MATCH expr 
	expr:  expr.NOMATCH expr 
	expr:  expr.CONCAT expr 
	expr:  expr.MOD expr 
	expr:  expr MOD expr.    (28)
	expr:  expr.yy_IS yy_NULL 
	expr:  expr.yy_IS NOT yy_NULL 
	expr:  expr.'?' expr ':' expr 

	CAST  shift 51
	yy_IS  shift 64
	.  reduce 28 (src line 350)


state 91
	expr:  expr yy_IS yy_NULL.    (30)

	.  reduce 30 (src line 366)


state 92
	expr:  expr yy_IS NOT.yy_NULL 

	yy_NULL  shift 104
	.  error


state 93
	expr:  expr.CAST yy_STRING 
	expr:  expr.yy_AND expr 
	expr:  expr.yy_OR expr 
	expr:  expr.LT expr 
	expr:  expr.LTE expr 
	expr:  expr.EQ expr 
	expr:  expr.NEQ expr 
	expr:  expr.GTE expr 
	expr:  expr.GT expr 
	expr:  expr.MATCH expr 
	expr:  expr.NOMATCH expr 
	expr:  expr.CONCAT expr 
	expr:  expr.MOD expr 
	expr:  expr.yy_IS yy_NULL 
	expr:  expr.yy_IS NOT yy_NULL 
	expr:  expr.'?' expr ':' expr 
	expr:  expr '?' expr.':' expr 

	yy_AND  shift 52
	yy_OR  shift 53
	CAST  shift 51
	EQ  shift 56
	NEQ  shift 57
	GT  shift 59
	GTE  shift 58
	LT  shift 54
	LTE  shift 55
	MATCH  shift 60
	NOMATCH  shift 61
	CONCAT  shift 62
	MOD  shift 63
	yy_IS  shift 64
	'?'  shift 65
	':'  shift 105
	.  error


state 94
	expr:  COMMAND_REF '$' $$10.name 

	COMMAND_REF  shift 20
	TUPLE_REF  shift 15
	NAME  shift 14
	.  error

	name  goto 106

state 95
	expr:  COMMAND_REF '.' $$12.name 

	COMMAND_REF  shift 20
	TUPLE_REF  shift 15
	NAME  shift 14
	.  error

	name  goto 107

state 96
	expr:  expr.CAST yy_STRING 
	expr:  FLOW_REF '[' expr.']' 
	expr:  expr.yy_AND expr 
	expr:  expr.yy_OR expr 
	expr:  expr.LT expr 
	expr:  expr.LTE expr 
	expr:  expr.EQ expr 
	expr:  expr.NEQ expr 
	expr:  expr.GTE expr 
	expr:  expr.GT expr 
	expr:  expr.MATCH expr 
	expr:  expr.NOMATCH expr 
	expr:  expr.CONCAT expr 
	expr:  expr.MOD expr 
	expr:  expr.yy_IS yy_NULL 
	expr:  expr.yy_IS NOT yy_NULL 
	expr:  expr.'?' expr ':' expr 

	yy_AND  shift 52
	yy_OR  shift 53
	CAST  shift 51
	EQ  shift 56
	NEQ  shift 57
	GT  shift 59
	GTE  shift 58
	LT  shift 54
	LTE  shift 55
	MATCH  shift 60
	NOMATCH  shift 61
	CONCAT  shift 62
	MOD  shift 63
	yy_IS  shift 64
	'?'  shift 65
	']'  shift 108
	.  error


state 97
	expr:  FLOW_REF '$' $$15.name 

	COMMAND_REF  shift 20
	TUPLE_REF  shift 15
	NAME  shift 14
	.  error

	name  goto 109

state 98
	expr:  '(' expr ')'.    (32)

	.  reduce 32 (src line 382)


state 99
	element_list:  element_list.',' element 
	set:  '{' $$50 element_list.'}' 

	','  shift 110
	'}'  shift 111
	.  error


state 100
	element_list:  element.    (43)

	.  reduce 43 (src line 484)


state 101
	element:  name.':' value 

	':'  shift 112
	.  error


state 102
	stmt:  DEFINE COMMAND name '.' TUPLE_REF AS set.    (56)

	.  reduce 56 (src line 610)


state 103
	expr:  expr.CAST yy_STRING 
	expr:  expr.yy_AND expr 
	expr:  expr.yy_OR expr 
	expr:  expr.LT expr 
	expr:  expr.LTE expr 
	expr:  expr.EQ expr 
	expr:  expr.NEQ expr 
	expr:  expr.GTE expr 
	expr:  expr.GT expr 
	expr:  expr.MATCH expr 
	expr:  expr.NOMATCH expr 
	expr:  expr.CONCAT expr 
	expr:  expr.MOD expr 
	expr:  expr.yy_IS yy_NULL 
	expr:  expr.yy_IS NOT yy_NULL 
	expr:  expr.'?' expr ':' expr 
	qualification:  WHEN expr.    (35)

	yy_AND  shift 52
	yy_OR  shift 53
	CAST  shift 51
	EQ  shift 56
	NEQ  shift 57
	GT  shift 59
	GTE  shift 58
	LT  shift 54
	LTE  shift 55
	MATCH  shift 60
	NOMATCH  shift 61
	CONCAT  shift 62
	MOD  shift 63
	yy_IS  shift 64
	'?'  shift 65
	.  reduce 35 (src line 426)


state 104
	expr:  expr yy_IS NOT yy_NULL.    (31)

	.  reduce 31 (src line 374)


state 105
	expr:  expr '?' expr ':'.expr 

	COMMAND_REF  shift 32
	FLOW_REF  shift 33
	EXPAND_ENV  shift 41
	UINT64  shift 36
	STRING  shift 40
	yy_TRUE  shift 38
	yy_FALSE  shift 39
	NOT  shift 34
	'('  shift 35
	.  error

	string  goto 37
	constant  goto 31
	expr  goto 113

state 106
	expr:  COMMAND_REF '$' $$10 name.    (11)

	.  reduce 11 (src line 190)


state 107
	expr:  COMMAND_REF '.' $$12 name.    (13)

	.  reduce 13 (src line 205)


state 108
	expr:  FLOW_REF '[' expr ']'.    (14)

	.  reduce 14 (src line 231)


state 109
	expr:  FLOW_REF '$' $$15 name.    (16)

	.  reduce 16 (src line 249)


state 110
	element_list:  element_list ','.element 

	COMMAND_REF  shift 20
	TUPLE_REF  shift 15
	NAME  shift 14
	.  error

	name  goto 101
	element  goto 114

state 111
	set:  '{' $$50 element_list '}'.    (51)

	.  reduce 51 (src line 543)


state 112
	element:  name ':'.value 

	EXPAND_ENV  shift 41
	UINT64  shift 36
	STRING  shift 40
	yy_TRUE  shift 38
	yy_FALSE  shift 39
	'['  shift 119
	'{'  shift 44
	.  error

	string  goto 37
	set  goto 117
	array  goto 118
	constant  goto 116
	value  goto 115

state 113
	expr:  expr.CAST yy_STRING 
	expr:  expr.yy_AND expr 
	expr:  expr.yy_OR expr 
	expr:  expr.LT expr 
	expr:  expr.LTE expr 
	expr:  expr.EQ expr 
	expr:  expr.NEQ expr 
	expr:  expr.GTE expr 
	expr:  expr.GT expr 
	expr:  expr.MATCH expr 
	expr:  expr.NOMATCH expr 
	expr:  expr.CONCAT expr 
	expr:  expr.MOD expr 
	expr:  expr.yy_IS yy_NULL 
	expr:  expr.yy_IS NOT yy_NULL 
	expr:  expr.'?' expr ':' expr 
	expr:  expr '?' expr ':' expr.    (33)

	yy_AND  shift 52
	yy_OR  shift 53
	CAST  shift 51
	EQ  shift 56
	NEQ  shift 57
	GT  shift 59
	GTE  shift 58
	LT  shift 54
	LTE  shift 55
	MATCH  shift 60
	NOMATCH  shift 61
	CONCAT  shift 62
	MOD  shift 63
	yy_IS  shift 64
	'?'  shift 65
	.  reduce 33 (src line 387)


state 114
	element_list:  element_list ',' element.    (44)

	.  reduce 44 (src line 490)


state 115
	element:  name ':' value.    (42)

	.  reduce 42 (src line 470)


state 116
	value:  constant.    (39)

	.  reduce 39 (src line 462)


state 117
	value:  set.    (40)

	.  reduce 40 (src line 464)


state 118
	value:  array.    (41)

	.  reduce 41 (src line 466)


state 119
	array:  '['.$$48 component_list ']' 
	$$48: .    (48)

	.  reduce 48 (src line 528)

	$$48  goto 120

state 120
	array:  '[' $$48.component_list ']' 
	component_list: .    (45)

	EXPAND_ENV  shift 41
	STRING  shift 40
	.  reduce 45 (src line 499)

	string  goto 122
	component_list  goto 121

state 121
	component_list:  component_list.',' string 
	array:  '[' $$48 component_list.']' 

	']'  shift 124
	','  shift 123
	.  error


state 122
	component_list:  string.    (46)

	.  reduce 46 (src line 504)


state 123
	component_list:  component_list ','.string 

	EXPAND_ENV  shift 41
	STRING  shift 40
	.  error

	string  goto 125

state 124
	array:  '[' $$48 component_list ']'.    (49)

	.  reduce 49 (src line 532)


state 125
	component_list:  component_list ',' string.    (47)

	.  reduce 47 (src line 515)


83 terminals, 21 nonterminals
66 grammar rules, 126/16000 states
0 shift/reduce, 0 reduce/reduce conflicts reported
70 working sets used
memory: parser 102/240000
71 extra closures
435 shift entries, 1 exceptions
58 goto entries
40 entries saved by goto default
Optimizer space used: output 235/240000
235 table entries, 33 zero
maximum spread: 83, maximum offset: 123
